UUID,VIN,Make,Model,Mileage,Year,Price,Zip Code,Create Date,Update Date
abc-123-456,JHM1239485KC,Yamaha,FJR1300,"45,000",2005,"4,000",,2020-06-01,
def-789-098,TYT0943858DT,Toyota,4Runner,"13,754",2019,"20,000",,2020-03-02,
